2026-03-11 12:01:19.313 xiguwen[8946:957973] ------------------------------ sqlite3_version(): 3.51.0 3051000 ------------------------------
2026-03-11 12:01:19.332 xiguwen[8946:958010] accid len: 0
2026-03-11 12:01:19.333 xiguwen[8946:957973] ------------------------------ sqlite3_version(): 3.51.0 3051000 ------------------------------
2026-03-11 12:01:19.336 xiguwen[8946:957973] ------------------------------ sqlite3_version(): 3.51.0 3051000 ------------------------------
2026-03-11 12:01:19.416 xiguwen[8946:957995] Could not save pasteboard named org.OpID.slot.0. Error: Error Domain=PBErrorDomain Code=10 "Pasteboard org.OpID.slot.0 is not available at this time." UserInfo={NSLocalizedDescription=Pasteboard org.OpID.slot.0 is not available at this time.}
2026-03-11 12:01:19.422 xiguwen[8946:958002] Could not save pasteboard named org.OpID.slot.0. Error: Error Domain=PBErrorDomain Code=10 "Pasteboard org.OpID.slot.0 is not available at this time." UserInfo={NSLocalizedDescription=Pasteboard org.OpID.slot.0 is not available at this time.}
2026-03-11:12:01:19:425 [QQAPI] TencentOAuth.m:139 initWithAppId: 1106869350, delegate: <UMSocialOfficialQQHandler: 0x1042c2ac0>
2026-03-11:12:01:19:425 [QQAPI] AppidConvert.mm:93 init appId=1106869350
2026-03-11:12:01:19:425 [QQAPI] AppidConvert.mm:37 appId=1106869350
2026-03-11:12:01:19:425 [QQAPI] AppidConvert.mm:63 check appId(1106869350)
2026-03-11:12:01:19:425 [QQAPI] OpenApi.m:669 registerApp，appid = 1106869350, setSessionDelegate = <UMSocialOfficialQQHandler: 0x1042c2ac0>
2026-03-11:12:01:19:425 [QQAPI] QQApi.m:50 registerQQConnectAppId: 1106869350!
2026-03-11:12:01:19:426 [QQAPI] TencentOAuth.m:139 initWithAppId: 1106869350, delegate: <UMSocialOfficialQQHandler: 0x1042c2ac0>
2026-03-11:12:01:19:426 [QQAPI] AppidConvert.mm:93 init appId=1106869350
2026-03-11:12:01:19:426 [QQAPI] AppidConvert.mm:37 appId=1106869350
2026-03-11:12:01:19:426 [QQAPI] AppidConvert.mm:63 check appId(1106869350)
2026-03-11:12:01:19:426 [QQAPI] OpenApi.m:669 registerApp，appid = 1106869350, setSessionDelegate = <UMSocialOfficialQQHandler: 0x1042c2ac0>
2026-03-11:12:01:19:426 [QQAPI] QQApi.m:50 registerQQConnectAppId: 1106869350!
2026-03-11:12:01:19:426 [QQAPI] TencentOAuth.m:139 initWithAppId: 1106869350, delegate: <UMSocialOfficialQQHandler: 0x1042c2ac0>
2026-03-11:12:01:19:426 [QQAPI] AppidConvert.mm:93 init appId=1106869350
2026-03-11:12:01:19:426 [QQAPI] AppidConvert.mm:37 appId=1106869350
2026-03-11:12:01:19:426 [QQAPI] AppidConvert.mm:63 check appId(1106869350)
2026-03-11:12:01:19:426 [QQAPI] OpenApi.m:669 registerApp，appid = 1106869350, setSessionDelegate = <UMSocialOfficialQQHandler: 0x1042c2ac0>
2026-03-11:12:01:19:426 [QQAPI] QQApi.m:50 registerQQConnectAppId: 1106869350!
2026-03-11 12:01:19.433 xiguwen[8946:958010] You should call login api before calling any im related api
2026-03-11 12:01:19.497 xiguwen[8946:958000] Could not save pasteboard named D_518825059. Error: Error Domain=PBErrorDomain Code=10 "Pasteboard D_518825059 is not available at this time." UserInfo={NSLocalizedDescription=Pasteboard D_518825059 is not available at this time.}
2026-03-11 12:01:19.506 xiguwen[8946:958001]  | JIGUANG | I - [JIGUANGService] 
--------------------------- JPush Log ----------------------------
--------------------JPush SDK Version:3.1.1--build:66----------
--------------------JCore Lib Version:1.2.5--build:64----------
-----------------AppKey:8e01c63912ee557cb05721a4----------------
----------------------------------------------------------------
2026-03-11 12:01:19.506 xiguwen[8946:958001]  | JIGUANG | I - [JIGUANGClientController] Action - jpush setup
2026-03-11 12:01:19.506 xiguwen[8946:958001]  | JIGUANG | I - [JIGUANGClientController] Action - setup
2026-03-11 12:01:19.509 xiguwen[8946:957973] You should call login api before calling any im related api
2026-03-11 12:01:19.509 xiguwen[8946:957973] You should call login api before calling any im related api
2026-03-11 12:01:19.584 xiguwen[8946:958000] Could not save pasteboard named com.UTDID.0. Error: Error Domain=PBErrorDomain Code=10 "Pasteboard com.UTDID.0 is not available at this time." UserInfo={NSLocalizedDescription=Pasteboard com.UTDID.0 is not available at this time.}
2026-03-11 12:01:19.587 xiguwen[8946:958001] Could not save pasteboard named com.UTDID.0. Error: Error Domain=PBErrorDomain Code=10 "Pasteboard com.UTDID.0 is not available at this time." UserInfo={NSLocalizedDescription=Pasteboard com.UTDID.0 is not available at this time.}
2026-03-11 12:01:19.604 xiguwen[8946:957973] -[QMUIHelper(QMUI_Interface) handleDeviceOrientationNotification:]:24 | QMUILogLevelInfo | Interface (QMUI) | device orientation did change to 1
2026-03-11 12:01:19.694 xiguwen[8946:957973] 
[文件名:/Users/cjz/ios_project/xiguwen/xiguwen/Help/NetPost/RequestManager.m]
[函数名:-[RequestManager requestUrl:method:loding:dic:progress:success:failure:]]
[行号:180] 
https://www.xiguwen520.com/appapi/system/iseditionios ********************* {
    code = "3.2.0";
} 
请求头数据:{
    "Accept-Language" = "zh-Hans-CN;q=1";
    "Content-Type" = "application/x-www-form-urlencoded";
    "User-Agent" = "xiguwen/3.2.0 (iPhone; iOS 26.3; Scale/2.00)";
}
2026-03-11 12:01:19.696 xiguwen[8946:957973] 

http://www.xiguwen520.com/appapi/index/shop_online_status
{
  "userid" : 0
}

.
2026-03-11 12:01:20.088 xiguwen[8946:957973] 
[文件名:/Users/cjz/ios_project/xiguwen/xiguwen/SuperClass/FatherViewController.m]
[函数名:-[FatherViewController dealloc]]
[行号:587] 
页面销毁<ShetuanViewController: 0x104d5e300>; superclass: FatherViewController; title: (null); view: (null)
2026-03-11 12:01:20.088 xiguwen[8946:957973] 
[文件名:/Users/cjz/ios_project/xiguwen/xiguwen/SuperClass/FatherViewController.m]
[函数名:-[FatherViewController dealloc]]
[行号:587] 
页面销毁<HotViewController: 0x104d5de00>; superclass: FatherViewController; title: (null); view: (null)
2026-03-11 12:01:20.089 xiguwen[8946:957973] 
[文件名:/Users/cjz/ios_project/xiguwen/xiguwen/SuperClass/FatherViewController.m]
[函数名:-[FatherViewController dealloc]]
[行号:587] 
页面销毁<ShopcityViewController: 0x104d5cf00>; superclass: FatherViewController; title: (null); view: (null)
2026-03-11 12:01:20.089 xiguwen[8946:957973] 
[文件名:/Users/cjz/ios_project/xiguwen/xiguwen/SuperClass/FatherViewController.m]
[函数名:-[FatherViewController dealloc]]
[行号:587] 
页面销毁<AnlieViewController: 0x104d5d400>; superclass: FatherViewController; title: (null); view: (null)
2026-03-11 12:01:20.117 xiguwen[8946:957973] 

Error Domain=NSURLErrorDomain Code=-1009 "似乎已断开与互联网的连接。" UserInfo={_kCFStreamErrorCodeKey=50, NSUnderlyingError=0x10f85c420 {Error Domain=kCFErrorDomainCFNetwork Code=-1009 "(null)" UserInfo={_kCFStreamErrorDomainKey=1, _kCFStreamErrorCodeKey=50, _NSURLErrorNWResolutionReportKey=Resolved 0 endpoints in 1ms using unknown from cache, _NSURLErrorNWPathKey=unsatisfied (Denied over Wi-Fi interface), interface: en0[802.11], ipv4, ipv6, dns, uses wifi, LQM: good}}, _NSURLErrorFailingURLSessionTaskErrorKey=LocalUploadTask <D2CED911-898C-44F7-9334-EC419D2713F2>.<1>, _NSURLErrorRelatedURLSessionTaskErrorKey=(
    "LocalUploadTask <D2CED911-898C-44F7-9334-EC419D2713F2>.<1>"
), NSLocalizedDescription=似乎已断开与互联网的连接。, NSErrorFailingURLStringKey=http://www.xiguwen520.com/appapi/index/shop_online_status, NSErrorFailingURLKey=http://www.xiguwen520.com/appapi/index/shop_online_status, _kCFStreamErrorDomainKey=1}

.
2026-03-11 12:01:20.117 xiguwen[8946:957973] 后台错误日志-----：
2026-03-11 12:01:20.122 xiguwen[8946:957973] VC Hierarchy:
root: NTESMainTabController tabs=5 selected=0
  tab[0] (selected): UINavigationController stack=1 top="首页"
    stack[0] (visible): IndexSubViewController title="首页"
      child[0]: HunqinViewController
  tab[1]: UINavigationController stack=1 top="发现"
    stack[0] (visible): FindNewSubViewController title="发现"
  tab[2]: UINavigationController stack=1 top="消息"
    stack[0] (visible): MessageSubViewController title="消息"
  tab[3]: UINavigationController stack=1 top="购物车"
    stack[0] (visible): ShopNewCarSubViewController title="购物车"
  tab[4]: UINavigationController stack=1 top="我的"
    stack[0] (visible): MyNewViewController title="我的"
2026-03-11 12:01:20.123 xiguwen[8946:957973] VC Hierarchy:
root: NTESMainTabController tabs=5 selected=0
  tab[0] (selected): UINavigationController stack=1 top="首页"
    stack[0] (visible): IndexSubViewController title="首页"
      child[0]: HunqinViewController
  tab[1]: UINavigationController stack=1 top="发现"
    stack[0] (visible): FindNewSubViewController title="发现"
  tab[2]: UINavigationController stack=1 top="消息"
    stack[0] (visible): MessageSubViewController title="消息"
  tab[3]: UINavigationController stack=1 top="购物车"
    stack[0] (visible): ShopNewCarSubViewController title="购物车"
  tab[4]: UINavigationController stack=1 top="我的"
    stack[0] (visible): MyNewViewController title="我的"
2026-03-11 12:01:20.166 xiguwen[8946:957973] You should call login api before calling any im related api
2026-03-11 12:01:20.350 xiguwen[8946:957973] 
[文件名:/Users/cjz/ios_project/xiguwen/xiguwen/Help/NetPost/RequestManager.m]
[函数名:-[RequestManager requestUrl:method:loding:dic:progress:success:failure:]]
[行号:180] 
https://www.xiguwen520.com/appapi/Home/index ********************* {
    p = 1;
} 
请求头数据:{
    "Accept-Language" = "zh-Hans-CN;q=1";
    "Content-Type" = "application/x-www-form-urlencoded";
    "User-Agent" = "xiguwen/3.2.0 (iPhone; iOS 26.3; Scale/2.00)";
}
2026-03-11 12:01:20.351 xiguwen[8946:957973] 
[文件名:/Users/cjz/ios_project/xiguwen/xiguwen/Help/NetPost/RequestManager.m]
[函数名:-[RequestManager requestUrl:method:loding:dic:progress:success:failure:]]
[行号:180] 
https://www.xiguwen520.com/appapi/Home/Classificationlistyou ********************* {
} 
请求头数据:{
    "Accept-Language" = "zh-Hans-CN;q=1";
    "Content-Type" = "application/x-www-form-urlencoded";
    "User-Agent" = "xiguwen/3.2.0 (iPhone; iOS 26.3; Scale/2.00)";
}
2026-03-11 12:01:20.356 xiguwen[8946:957973] 
[文件名:/Users/cjz/ios_project/xiguwen/xiguwen/Help/NetPost/RequestManager.m]
[函数名:-[RequestManager RACRequestUrl:method:loding:dic:]_block_invoke]
[行号:88] 
失败-------Error Domain=NSURLErrorDomain Code=-1009 "似乎已断开与互联网的连接。" UserInfo={_kCFStreamErrorCodeKey=50, NSUnderlyingError=0x10f9c1500 {Error Domain=kCFErrorDomainCFNetwork Code=-1009 "(null)" UserInfo={_kCFStreamErrorDomainKey=1, _kCFStreamErrorCodeKey=50, _NSURLErrorNWResolutionReportKey=Resolved 0 endpoints in 1ms using unknown from cache, _NSURLErrorNWPathKey=unsatisfied (Denied over Wi-Fi interface), interface: en0[802.11], ipv4, ipv6, dns, uses wifi, LQM: good}}, _NSURLErrorFailingURLSessionTaskErrorKey=LocalDataTask <421CCE05-8E2B-4005-AEF6-66F4E6DFD643>.<2>, _NSURLErrorRelatedURLSessionTaskErrorKey=(
    "LocalDataTask <421CCE05-8E2B-4005-AEF6-66F4E6DFD643>.<2>"
), NSLocalizedDescription=似乎已断开与互联网的连接。, NSErrorFailingURLStringKey=https://www.xiguwen520.com/appapi/Home/index, NSErrorFailingURLKey=https://www.xiguwen520.com/appapi/Home/index, _kCFStreamErrorDomainKey=1}
2026-03-11 12:01:20.383 xiguwen[8946:957973] 
[文件名:/Users/cjz/ios_project/xiguwen/xiguwen/Help/NetPost/RequestManager.m]
[函数名:-[RequestManager RACRequestUrl:method:loding:dic:]_block_invoke]
[行号:88] 
失败-------Error Domain=NSURLErrorDomain Code=-1009 "似乎已断开与互联网的连接。" UserInfo={_kCFStreamErrorCodeKey=50, NSUnderlyingError=0x10f9c1d70 {Error Domain=kCFErrorDomainCFNetwork Code=-1009 "(null)" UserInfo={_kCFStreamErrorDomainKey=1, _kCFStreamErrorCodeKey=50, _NSURLErrorNWResolutionReportKey=Resolved 0 endpoints in 1ms using unknown from cache, _NSURLErrorNWPathKey=unsatisfied (Denied over Wi-Fi interface), interface: en0[802.11], ipv4, ipv6, dns, uses wifi, LQM: good}}, _NSURLErrorFailingURLSessionTaskErrorKey=LocalDataTask <30323226-9BEE-43AD-8FBC-980B2437904C>.<3>, _NSURLErrorRelatedURLSessionTaskErrorKey=(
    "LocalDataTask <30323226-9BEE-43AD-8FBC-980B2437904C>.<3>"
), NSLocalizedDescription=似乎已断开与互联网的连接。, NSErrorFailingURLStringKey=https://www.xiguwen520.com/appapi/Home/Classificationlistyou, NSErrorFailingURLKey=https://www.xiguwen520.com/appapi/Home/Classificationlistyou, _kCFStreamErrorDomainKey=1}
2026-03-11 12:01:21.646 xiguwen[8946:957994]  | JIGUANG | W - [JIGUANGDeviceTokenController] Not get deviceToken yet. Maybe: your certificate not configured APNs? or current network is not so good so APNs registration failed?  or there is no APNs register code? Please refer to JPush docs.
2026-03-11 12:01:23.692 xiguwen[8946:957998]  | JIGUANG | W - [JIGUANGDeviceTokenController] Not get deviceToken yet. Maybe: your certificate not configured APNs? or current network is not so good so APNs registration failed?  or there is no APNs register code? Please refer to JPush docs.
2026-03-11 12:01:25.662 xiguwen[8946:958000]  | JIGUANG | W - [JIGUANGDeviceTokenController] Not get deviceToken yet. Maybe: your certificate not configured APNs? or current network is not so good so APNs registration failed?  or there is no APNs register code? Please refer to JPush docs.
2026-03-11 12:01:27.718 xiguwen[8946:957990]  | JIGUANG | W - [JIGUANGDeviceTokenController] Not get deviceToken yet. Maybe: your certificate not configured APNs? or current network is not so good so APNs registration failed?  or there is no APNs register code? Please refer to JPush docs.
2026-03-11 12:01:29.686 xiguwen[8946:957990]  | JIGUANG | W - [JIGUANGDeviceTokenController] Not get deviceToken yet. Maybe: your certificate not configured APNs? or current network is not so good so APNs registration failed?  or there is no APNs register code? Please refer to JPush docs.
2026-03-11 12:01:29.686 xiguwen[8946:957990]  | JIGUANG | W - [JIGUANGDeviceTokenController] Not get deviceToken yet. After successful login, a custom message can be sent, but the APNs notification cannot. Until the deviceToken is obtained and reported successfully, the APNs notification can be used normally.
2026-03-11 14:07:14.585 xiguwen[8946:957973] DeviceToken: {{length = 32, bytes = 0xc6dd7907 2be7e527 0792321c b8e0a574 ... e74a51ef 719bb845 }}
2026-03-11 14:07:16.285 xiguwen[8946:958010] accid len: 0
2026-03-11 14:07:16.476 xiguwen[8946:980183]  | JIGUANG | I - [JIGUANGSessionController] connecting with coreAddr 119.3.251.25,port 7005
2026-03-11 14:07:16.547 xiguwen[8946:980188]  | JIGUANG | I - [JIGUANGRegistration] 
----- register info -----
Appkey: 8e01c63912ee557cb05721a4
token:c6dd79072be7e5270792321cb8e0a5740fcd43955134f026e74a51ef719bb845  
 advertisingIdentifier: 
2026-03-11 14:07:16.725 xiguwen[8946:958010] You should call login api before calling any im related api
2026-03-11 14:07:16.754 xiguwen[8946:980183] host=(null)
2026-03-11 14:07:16.754 xiguwen[8946:980183] port=(null)
2026-03-11 14:07:16.754 xiguwen[8946:980183] type=kCFProxyTypeNone
2026-03-11 14:07:16.870 xiguwen[8946:980183]  | JIGUANG | I - [JIGUANGRegistration] 
----- register result -----
uid: 85412765510
registrationID:171976fa8bac580f35d 
2026-03-11 14:07:16.928 xiguwen[8946:980184]  | JIGUANG | I - [JIGUANGLogin] 
----- login result -----
uid:85412765510 
registrationID:171976fa8bac580f35d 
idc:1
2026-03-11 14:07:16.981 xiguwen[8946:980183]  | JIGUANG | I - [JIGUANGDeviceTokenReport] try to upload device token:c6dd79072be7e5270792321cb8e0a5740fcd43955134f026e74a51ef719bb845
2026-03-11 14:07:17.443 xiguwen[8946:957973] You should call login api before calling any im related api
2026-03-11 14:07:17.475 xiguwen[8946:957973] You should call login api before calling any im related api
2026-03-11 14:07:17.475 xiguwen[8946:957973] You should call login api before calling any im related api
2026-03-11 14:07:17.524 xiguwen[8946:980183]  | JIGUANG | I - [JIGUANGDeviceTokenReport] upload device token success
2026-03-11 14:07:18.434 xiguwen[8946:957973] You should call login api before calling any im related api
2026-03-11 14:07:18.679 xiguwen[8946:958003] host=(null)
2026-03-11 14:07:18.679 xiguwen[8946:958003] port=(null)
2026-03-11 14:07:18.679 xiguwen[8946:958003] type=kCFProxyTypeNone
2026-03-11 14:07:20.175 xiguwen[8946:957973] You should call login api before calling any im related api
2026-03-11 14:07:20.179 xiguwen[8946:957973] You should call login api before calling any im related api
2026-03-11 14:07:20.179 xiguwen[8946:957973] You should call login api before calling any im related api
2026-03-11 14:07:22.115 xiguwen[8946:957973] You should call login api before calling any im related api
2026-03-11 14:07:23.777 xiguwen[8946:957973] VC Hierarchy:
root: NTESMainTabController tabs=5 selected=1
  tab[0]: UINavigationController stack=1 top="首页"
    stack[0] (visible): IndexSubViewController title="首页"
      child[0]: HunqinViewController
  tab[1] (selected): UINavigationController stack=1 top="发现"
    stack[0] (visible): FindNewSubViewController title="发现"
  tab[2]: UINavigationController stack=1 top="消息"
    stack[0] (visible): MessageSubViewController title="消息"
  tab[3]: UINavigationController stack=1 top="购物车"
    stack[0] (visible): ShopNewCarSubViewController title="购物车"
  tab[4]: UINavigationController stack=1 top="我的"
    stack[0] (visible): MyNewViewController title="我的"
2026-03-11 14:07:23.841 xiguwen[8946:957973] 
[文件名:/Users/cjz/ios_project/xiguwen/xiguwen/SuperClass/FatherViewController.m]
[函数名:-[FatherViewController viewWillAppear:]]
[行号:59] 
ÓHunqinQuanViewController
2026-03-11 14:07:23.884 xiguwen[8946:957973] 
[文件名:/Users/cjz/ios_project/xiguwen/xiguwen/SuperClass/FatherViewController.m]
[函数名:-[FatherViewController dealloc]]
[行号:587] 
页面销毁<ShangchengQuanViewController: 0x104d5de00>; superclass: FatherViewController; title: (null); view: (null)
2026-03-11 14:07:23.886 xiguwen[8946:957973] VC Hierarchy:
root: NTESMainTabController tabs=5 selected=1
  tab[0]: UINavigationController stack=1 top="首页"
    stack[0] (visible): IndexSubViewController title="首页"
      child[0]: HunqinViewController
  tab[1] (selected): UINavigationController stack=1 top="发现"
    stack[0] (visible): FindNewSubViewController title="发现"
      child[0]: HunqinQuanViewController
  tab[2]: UINavigationController stack=1 top="消息"
    stack[0] (visible): MessageSubViewController title="消息"
  tab[3]: UINavigationController stack=1 top="购物车"
    stack[0] (visible): ShopNewCarSubViewController title="购物车"
  tab[4]: UINavigationController stack=1 top="我的"
    stack[0] (visible): MyNewViewController title="我的"
2026-03-11 14:07:23.886 xiguwen[8946:957973] 
[文件名:/Users/cjz/ios_project/xiguwen/xiguwen/Help/NetPost/RequestManager.m]
[函数名:-[RequestManager requestUrl:method:loding:dic:progress:success:failure:]]
[行号:180] 
https://www.xiguwen520.com/appapi/Home/Classificationlistyou ********************* {
} 
请求头数据:{
    "Accept-Language" = "zh-Hans-CN;q=1";
    "Content-Type" = "application/x-www-form-urlencoded";
    "User-Agent" = "xiguwen/3.2.0 (iPhone; iOS 26.3; Scale/2.00)";
}
2026-03-11 14:07:24.159 xiguwen[8946:957973] 
[文件名:/Users/cjz/ios_project/xiguwen/xiguwen/Help/NetPost/RequestManager.m]
[函数名:-[RequestManager requestUrl:method:loding:dic:progress:success:failure:]]
[行号:180] 
https://www.xiguwen520.com/appapi/Found/wedding ********************* {
    p = 1;
    userid = 0;
} 
请求头数据:{
    "Accept-Language" = "zh-Hans-CN;q=1";
    "Content-Type" = "application/x-www-form-urlencoded";
    "User-Agent" = "xiguwen/3.2.0 (iPhone; iOS 26.3; Scale/2.00)";
}
2026-03-11 14:07:26.748 xiguwen[8946:957973] 
[文件名:/Users/cjz/ios_project/xiguwen/xiguwen/Help/NetPost/RequestManager.m]
[函数名:-[RequestManager PostUrl:dic:progress:success:failure:]_block_invoke]
[行号:430] 
成功-------{
    code = 0;
    data =     (
                {
            occupationid = 2;
            proname = "\U4e3b\U6301\U4eba";
            wapimg = "http://imgcache.xiguwen520.com/17d4a201803191557574253.png";
        },
                {
            occupationid = 5;
            proname = "\U6444\U50cf\U5e08";
            wapimg = "http://imgcache.xiguwen520.com/6fa40201812051239527266.png";
        },
                {
            occupationid = 4;
            proname = "\U6444\U5f71\U5e08";
            wapimg = "http://imgcache.xiguwen520.com/08e4b201812051240053483.png";
        },
                {
            occupationid = 18;
            proname = "\U5316\U5986\U5e08";
            wapimg = "http://imgcache.xiguwen520.com/0f0c2201803191558443291.png";
        },
                {
            occupationid = 26;
            proname = "\U5a5a\U5e86\U516c\U53f8";
            wapimg = "http://imgcache.xiguwen520.com/af38e201803191558342148.png";
        },
                {
            occupationid = 21;
            proname = "\U5a5a\U5bb4\U9152\U5e97";
            wapimg = "http://imgcache.xiguwen520.com/97cd6201803191557504246.png";
        },
                {
            occupationid = 23;
            proname = "\U5a5a\U8f66\U79df\U8d41";
            wapimg = "http://imgcache.xiguwen520.com/32667201803191600304675.png";
        },
                {
            occupationid = 19;
            proname = "\U5a5a\U7eb1\U793c\U670d";
            wapimg = "http://imgcache.xiguwen520.com/9b058201803191604018072.png";
        },
                {
            occupationid = 25;
            proname = "\U706f\U5149\U821e\U7f8e";
            wapimg = "http://imgcache.xiguwen520.com/95e26201803191626036896.png";
        },
                {
            occupationid = 28;
            proname = "\U5a5a\U7eb1\U6444\U5f71";
            wapimg = "http://imgcache.xiguwen520.com/397fe201803191558205178.png";
        },
                {
            occupationid = 43;
            proname = "\U5a5a\U793c\U573a\U5e03";
            wapimg = "http://imgcache.xiguwen520.com/8ee88201803191613212808.png";
        },
                {
            occupationid = 38;
            proname = "\U7763\U5bfc\U7ba1\U5bb6";
            wapimg = "http://imgcache.xiguwen520.com/bc233201803191600526996.png";
        },
                {
            occupationid = 52;
            proname = "\U7b56\U5212\U5e08";
            wapimg = "http://imgcdn.xiguwen520.com/f2fb5202104151539107884.jpg";
        },
                {
            occupationid = 53;
            proname = "\U5a5a\U793c\U5802";
            wapimg = "http://imgcdn.xiguwen520.com/9b8de202104171346545955.png";
        },
                {
            occupationid = 54;
            proname = "\U8bbe\U8ba1\U5e08";
            wapimg = "http://imgcdn.xiguwen520.com/48b73202104171347075691.png";
        },
                {
            occupationid = 55;
            proname = "\U9053\U5177\U79df\U8d41";
            wapimg = "http://imgcdn.xiguwen520.com/8d768202104171425087490.png";
        },
                {
            occupationid = 57;
            proname = "\U82b1\U827a";
            wapimg = "http://imgcdn.xiguwen520.com/6db36202110281417385391.png";
        },
                {
            occupationid = 58;
            proname = "\U6f14\U827a\U5546\U6f14";
            wapimg = "http://imgcdn.xiguwen520.com/c7168202110281413359032.png";
        },
                {
            occupationid = 59;
            proname = "\U56fd\U5b66\U793c\U4e50";
            wapimg = "https://imgcdn1.xiguwen520.com/040c3202303292252096003.jpg";
        }
    );
}   https://www.xiguwen520.com/appapi/Home/Classificationlistyou
2026-03-11 14:07:26.748 xiguwen[8946:957973] 
[文件名:/Users/cjz/ios_project/xiguwen/xiguwen/Help/NetPost/RequestManager.m]
[函数名:-[RequestManager RACRequestUrl:method:loding:dic:]_block_invoke_3]
[行号:60] 
no error
2026-03-11 14:07:26.760 xiguwen[8946:957973] -=-(null)
2026-03-11 14:07:26.919 xiguwen[8946:957973] 
[文件名:/Users/cjz/ios_project/xiguwen/xiguwen/Help/NetPost/RequestManager.m]
[函数名:-[RequestManager PostUrl:dic:progress:success:failure:]_block_invoke]
[行号:430] 
成功-------{
    code = 0;
    data =     (
                {
            commentnum = 0;
            content = "\U4f20\U7edf\U6c11\U95f4\U5de5\U827a \U94dc\U7248\U5a5a\U4e66\U5b9a\U5236 ";
            "create_ti" = "2024-09-21 22:59:15";
            follow = 0;
            head = "http://www.xiguwen520.com/uploads/20240921/17269303625705.jpg";
            id = 481;
            nickname = 17620061478;
            occupation = "<null>";
            occupationid = 99;
            photourl =             (
                                {
                    id = 734;
                    mydynamicid = 481;
                    photourl = "http://www.xiguwen520.com/uploads/20240921/17269307556629.png";
                },
                                {
                    id = 735;
                    mydynamicid = 481;
                    photourl = "http://www.xiguwen520.com/uploads/20240921/17269307559739.png";
                },
                                {
                    id = 736;
                    mydynamicid = 481;
                    photourl = "http://www.xiguwen520.com/uploads/20240921/17269307558407.png";
                },
                                {
                    id = 737;
                    mydynamicid = 481;
                    photourl = "http://www.xiguwen520.com/uploads/20240921/17269307555496.png";
                },
                                {
                    id = 738;
                    mydynamicid = 481;
                    photourl = "http://www.xiguwen520.com/uploads/20240921/17269307551297.png";
                },
                                {
                    id = 739;
                    mydynamicid = 481;
                    photourl = "http://www.xiguwen520.com/uploads/20240921/17269307557034.png";
                },
                                {
                    id = 740;
                    mydynamicid = 481;
                    photourl = "http://www.xiguwen520.com/uploads/20240921/17269307559062.png";
                },
                                {
                    id = 741;
                    mydynamicid = 481;
                    photourl = "http://www.xiguwen520.com/uploads/20240921/17269307553148.png";
                },
                                {
                    id = 742;
                    mydynamicid = 481;
                    photourl = "http://www.xiguwen520.com/uploads/20240921/17269307556385.png";
                }
            );
            pv = 34;
            shifouzan = 0;
            theteam = "";
            userid = 4874;
            zan = 2;
        },
                {
            commentnum = 1;
            content = "\U76f8\U6960\U5a5a\U4e66\U5b9a\U5236 \U5b9a\U5236\U6d6a\U6f2b \U5b9a\U5236\U975e\U51e1";
            "create_ti" = "2024-09-21 22:54:30";
            follow = 0;
            head = "http://www.xiguwen520.com/uploads/20240921/17269303625705.jpg";
            id = 480;
            nickname = 17620061478;
            occupation = "<null>";
            occupationid = 99;
            photourl =             (
                                {
                    id = 725;
                    mydynamicid = 480;
                    photourl = "http://www.xiguwen520.com/uploads/20240921/1726930470942.png";
                },
                                {
                    id = 726;
                    mydynamicid = 480;
                    photourl = "http://www.xiguwen520.com/uploads/20240921/17269304708102.png";
                },
                                {
                    id = 727;
                    mydynamicid = 480;
                    photourl = "http://www.xiguwen520.com/uploads/20240921/17269304701480.png";
                },
                                {
                    id = 728;
                    mydynamicid = 480;
                    photourl = "http://www.xiguwen520.com/uploads/20240921/17269304705505.png";
                },
                                {
                    id = 729;
                    mydynamicid = 480;
                    photourl = "http://www.xiguwen520.com/uploads/20240921/1726930470499.png";
                },
                                {
                    id = 730;
                    mydynamicid = 480;
                    photourl = "http://www.xiguwen520.com/uploads/20240921/17269304701040.png";
                },
                                {
                    id = 731;
                    mydynamicid = 480;
                    photourl = "http://www.xiguwen520.com/uploads/20240921/1726930470883.png";
                },
                                {
                    id = 732;
                    mydynamicid = 480;
                    photourl = "http://www.xiguwen520.com/uploads/20240921/17269304709892.png";
                },
                                {
                    id = 733;
                    mydynamicid = 480;
                    photourl = "http://www.xiguwen520.com/uploads/20240921/17269304707615.png";
                }
            );
            pv = 8;
            shifouzan = 0;
            theteam = "";
            userid = 4874;
            zan = 1;
        },
                {
            commentnum = 2;
            content = "\U5f20\U751f\U53e4\U98ce\U53f8\U4eea\U7f72\Uff0c\U8fdb\U9a7b\U559c\U987e\U95ee\U3002\n\U613f\U5927\U5bb6\U8d8a\U6765\U8d8a\U597d\Uff0c\U52a0\U5f3a\U4ea4\U6d41\U5b66\U4e60\U4e0e\U5408\U4f5c\Uff01";
            "create_ti" = "2023-03-04 12:47:11";
            follow = 0;
            head = "https://imgcdn1.xiguwen520.com/fed54202303041241415156.jpg";
            id = 479;
            nickname = "\U5f20\U751f\U53e4\U98ce\U53f8\U4eea\U7f72";
            occupation = "\U4e3b\U6301\U4eba";
            occupationid = 2;
            photourl =             (
                                {
                    id = 724;
                    mydynamicid = 479;
                    photourl = "https://imgcdn1.xiguwen520.com/20bfd202303041247111021.jpg";
                }
            );
            pv = 31;
            shifouzan = 0;
            theteam = "";
            userid = 4652;
            zan = 4;
        },
                {
            commentnum = 0;
            content = "\U6709\U5a5a\U5e86\U516c\U53f8\U6216\U8005\U793c\U670d\U516c\U53f8\U60f3\U5f02\U4e1a\U5408\U4f5c\U4e00\U4e0b\U561b\Uff1f";
            "create_ti" = "2023-03-02 23:58:59";
            follow = 0;
            head = "http://www.xiguwen520.com/home/default/imghead.png";
            id = 478;
            nickname = "\U7528\U623718380451961";
            occupation = "\U4e3b\U6301\U4eba";
            occupationid = 2;
            photourl =             (
            );
            pv = 15;
            shifouzan = 0;
            theteam = "";
            userid = 4688;
            zan = "<null>";
        },
                {
            commentnum = 1;
            content = "\U6211\U8fd9\U8fb9\U60f3\U627e\U5a5a\U5e86\U516c\U53f8\U8c08\U5408\U4f5c\Uff0c\U6709\U60f3\U5408\U4f5c\U7684\U53ef\U4ee5\U8bc4\U8bba\Uff0c\U8c22\U8c22";
            "create_ti" = "2023-03-02 23:53:12";
            follow = 0;
            head = "http://www.xiguwen520.com/home/default/imghead.png";
            id = 477;
            nickname = "\U7528\U623718380451961";
            occupation = "\U4e3b\U6301\U4eba";
            occupationid = 2;
            photourl =             (
            );
            pv = 27;
            shifouzan = 0;
            theteam = "";
            userid = 4688;
            zan = "<null>";
        },
                {
            commentnum = 0;
            content = "\U6765\U6765\U6765\U6211\U6559\U4f60\U5440\U5440\U5440\U5440";
            "create_ti" = "2023-02-22 16:56:04";
            follow = 0;
            head = "http://www.xiguwen520.com/home/default/imghead.png";
            id = 476;
            nickname = 18948197043;
            occupation = "<null>";
            occupationid = 99;
            photourl =             (
            );
            pv = 17;
            shifouzan = 0;
            theteam = "";
            userid = 4670;
            zan = "<null>";
        },
                {
            commentnum = 1;
            content = "\U9020\U7269\U8282";
            "create_ti" = "2022-09-26 11:08:54";
            follow = 0;
            head = "http://www.xiguwen520.com/uploads/20220920/16636582134770.jpg";
            id = 474;
            nickname = "\U6210\U90fd\U964c\U4e0a\U82b1\U5f00\U6587\U5316\U4f20\U64ad\U6709\U9650\U516c\U53f8 ";
            occupation = "\U5a5a\U5e86\U516c\U53f8";
            occupationid = 26;
            photourl =             (
                                {
                    id = 715;
                    mydynamicid = 474;
                    photourl = "http://www.xiguwen520.com/uploads/20220926/16641617263974.png";
                },
                                {
                    id = 716;
                    mydynamicid = 474;
                    photourl = "http://www.xiguwen520.com/uploads/20220926/16641617264585.png";
                },
                                {
                    id = 717;
                    mydynamicid = 474;
                    photourl = "http://www.xiguwen520.com/uploads/20220926/16641617271281.png";
                },
                                {
                    id = 718;
                    mydynamicid = 474;
                    photourl = "http://www.xiguwen520.com/uploads/20220926/16641617299590.png";
                },
                                {
                    id = 719;
                    mydynamicid = 474;
                    photourl = "http://www.xiguwen520.com/uploads/20220926/16641617298634.png";
                },
                                {
                    id = 720;
                    mydynamicid = 474;
                    photourl = "http://www.xiguwen520.com/uploads/20220926/16641617294586.png";
                },
                                {
                    id = 721;
                    mydynamicid = 474;
                    photourl = "http://www.xiguwen520.com/uploads/20220926/16641617317988.png";
                },
                                {
                    id = 722;
                    mydynamicid = 474;
                    photourl = "http://www.xiguwen520.com/uploads/20220926/16641617347505.png";
                }
            );
            pv = 75;
            shifouzan = 0;
            theteam = "";
            userid = 4422;
            zan = 2;
        },
                {
            commentnum = 0;
            content = "\U6c49\U5a5a\U5927\U5178";
            "create_ti" = "2022-09-26 11:07:18";
            follow = 0;
            head = "http://imgcdn.xiguwen520.com/6050f202105271730565114.png";
            id = 473;
            nickname = "\U58a8\U4fee\U6210";
            occupation = "\U7b56\U5212\U5e08";
            occupationid = 52;
            photourl =             (
                                {
                    id = 712;
                    mydynamicid = 473;
                    photourl = "https://imgcdn1.xiguwen520.com/47e17202209261107187773.jpg";
                },
                                {
                    id = 713;
                    mydynamicid = 473;
                    photourl = "https://imgcdn1.xiguwen520.com/f1d0d202209261107184799.jpg";
                },
                                {
                    id = 714;
                    mydynamicid = 473;
                    photourl = "https://imgcdn1.xiguwen520.com/ea0aa202209261107192646.jpg";
                }
            );
            pv = 36;
            shifouzan = 0;
            theteam = "";
            userid = 541;
            zan = 0;
        },
                {
            commentnum = 0;
            content = "\U4f20\U7edf\U5a5a\U793c\Uff01";
            "create_ti" = "2022-09-02 23:26:48";
            follow = 0;
            head = "http://imgcdn.xiguwen520.com/6050f202105271730565114.png";
            id = 472;
            nickname = "\U58a8\U4fee\U6210";
            occupation = "\U7b56\U5212\U5e08";
            occupationid = 52;
            photourl =             (
                                {
                    id = 711;
                    mydynamicid = 472;
                    photourl = "https://imgcdn1.xiguwen520.com/8bdda202209022326488238.jpg";
                }
            );
            pv = 4;
            shifouzan = 0;
            theteam = "";
            userid = 541;
            zan = 0;
        },
                {
            commentnum = 5;
            content = "\U4eca\U5929\U5f97\U5a5a\U793c\U73b0\U573a\Uff01";
            "create_ti" = "2021-10-14 19:07:53";
            follow = 0;
            head = "http://imgcdn.xiguwen520.com/6050f202105271730565114.png";
            id = 467;
            nickname = "\U58a8\U4fee\U6210";
            occupation = "\U7b56\U5212\U5e08";
            occupationid = 52;
            photourl =             (
                                {
                    id = 705;
                    mydynamicid = 467;
                    photourl = "http://imgcdn.xiguwen520.com/d41d8202110141907533342.jpg";
                },
                                {
                    id = 706;
                    mydynamicid = 467;
                    photourl = "http://imgcdn.xiguwen520.com/d41d8202110141907544811.jpg";
                },
                                {
                    id = 707;
                    mydynamicid = 467;
                    photourl = "http://imgcdn.xiguwen520.com/d41d8202110141907542466.jpg";
                },
                                {
                    id = 708;
                    mydynamicid = 467;
                    photourl = "http://imgcdn.xiguwen520.com/d41d8202110141907546095.jpg";
                }
            );
            pv = 142;
            shifouzan = 0;
            theteam = "";
            userid = 541;
            zan = 6;
        }
    );
    message = ok;
}   https://www.xiguwen520.com/appapi/Found/wedding
2026-03-11 14:07:26.919 xiguwen[8946:957973] 
[文件名:/Users/cjz/ios_project/xiguwen/xiguwen/Help/NetPost/RequestManager.m]
[函数名:-[RequestManager RACRequestUrl:method:loding:dic:]_block_invoke_3]
[行号:60] 
no error
2026-03-11 14:07:26.927 xiguwen[8946:957973] count = 9
2026-03-11 14:07:26.927 xiguwen[8946:957973] count = 9
2026-03-11 14:07:26.929 xiguwen[8946:957973] count = 1
2026-03-11 14:07:26.930 xiguwen[8946:957973] count = 0
2026-03-11 14:07:26.930 xiguwen[8946:957973] count = 0
2026-03-11 14:07:26.930 xiguwen[8946:957973] count = 0
2026-03-11 14:07:26.930 xiguwen[8946:957973] count = 8
2026-03-11 14:07:26.930 xiguwen[8946:957973] count = 3
2026-03-11 14:07:26.930 xiguwen[8946:957973] count = 1
2026-03-11 14:07:26.930 xiguwen[8946:957973] count = 4
2026-03-11 14:07:26.945 xiguwen[8946:957973] count = 9
2026-03-11 14:07:26.975 xiguwen[8946:957973] count = 9
2026-03-11 14:07:29.065 xiguwen[8946:957973] 
[文件名:/Users/cjz/ios_project/xiguwen/xiguwen/Help/NetPost/RequestManager.m]
[函数名:-[RequestManager requestUrl:method:loding:dic:progress:success:failure:]]
[行号:180] 
https://www.xiguwen520.com/appapi/system/iseditionios ********************* {
    code = "3.2.0";
} 
请求头数据:{
    "Accept-Language" = "zh-Hans-CN;q=1";
    "Content-Type" = "application/x-www-form-urlencoded";
    "User-Agent" = "xiguwen/3.2.0 (iPhone; iOS 26.3; Scale/2.00)";
}
2026-03-11 14:07:29.066 xiguwen[8946:957973] 

http://www.xiguwen520.com/appapi/index/shop_online_status
{
  "userid" : 0
}

.
2026-03-11 14:07:29.079 xiguwen[8946:957973] VC Hierarchy:
root: NTESMainTabController tabs=5 selected=0
  tab[0] (selected): UINavigationController stack=1 top="首页"
    stack[0] (visible): IndexSubViewController title="首页"
      child[0]: HunqinViewController
  tab[1]: UINavigationController stack=1 top="发现"
    stack[0] (visible): FindNewSubViewController title="发现"
      child[0]: HunqinQuanViewController
  tab[2]: UINavigationController stack=1 top="消息"
    stack[0] (visible): MessageSubViewController title="消息"
  tab[3]: UINavigationController stack=1 top="购物车"
    stack[0] (visible): ShopNewCarSubViewController title="购物车"
  tab[4]: UINavigationController stack=1 top="我的"
    stack[0] (visible): MyNewViewController title="我的"
2026-03-11 14:07:29.098 xiguwen[8946:957973] VC Hierarchy:
root: NTESMainTabController tabs=5 selected=0
  tab[0] (selected): UINavigationController stack=1 top="首页"
    stack[0] (visible): IndexSubViewController title="首页"
      child[0]: HunqinViewController
  tab[1]: UINavigationController stack=1 top="发现"
    stack[0] (visible): FindNewSubViewController title="发现"
      child[0]: HunqinQuanViewController
  tab[2]: UINavigationController stack=1 top="消息"
    stack[0] (visible): MessageSubViewController title="消息"
  tab[3]: UINavigationController stack=1 top="购物车"
    stack[0] (visible): ShopNewCarSubViewController title="购物车"
  tab[4]: UINavigationController stack=1 top="我的"
    stack[0] (visible): MyNewViewController title="我的"
2026-03-11 14:07:29.163 xiguwen[8946:957973] 
[文件名:/Users/cjz/ios_project/xiguwen/xiguwen/Help/NetPost/RequestManager.m]
[函数名:-[RequestManager PostUrl:dic:progress:success:failure:]_block_invoke]
[行号:430] 
成功-------{
    code = 0;
    data =     {
        fabushijian = "2023-02-20 18:47:30";
        id = 51;
        isshenhezhong = 1;
        message = "\U4fee\U590dBUG";
        versionname = "2.0.2";
    };
    message = "\U6709\U65b0\U7248\U672c\U9700\U8981\U66f4\U65b0";
}   https://www.xiguwen520.com/appapi/system/iseditionios
2026-03-11 14:07:29.163 xiguwen[8946:957973] {
    fabushijian = "2023-02-20 18:47:30";
    id = 51;
    isshenhezhong = 1;
    message = "\U4fee\U590dBUG";
    versionname = "2.0.2";
}
2026-03-11 14:07:29.762 xiguwen[8946:957973] 
[文件名:/Users/cjz/ios_project/xiguwen/xiguwen/SuperClass/FatherViewController.m]
[函数名:-[FatherViewController viewWillAppear:]]
[行号:59] 
ÓHunqinQuanViewController
2026-03-11 14:07:29.780 xiguwen[8946:957973] VC Hierarchy:
root: NTESMainTabController tabs=5 selected=1
  tab[0]: UINavigationController stack=1 top="首页"
    stack[0] (visible): IndexSubViewController title="首页"
      child[0]: HunqinViewController
  tab[1] (selected): UINavigationController stack=1 top="发现"
    stack[0] (visible): FindNewSubViewController title="发现"
      child[0]: HunqinQuanViewController
  tab[2]: UINavigationController stack=1 top="消息"
    stack[0] (visible): MessageSubViewController title="消息"
  tab[3]: UINavigationController stack=1 top="购物车"
    stack[0] (visible): ShopNewCarSubViewController title="购物车"
  tab[4]: UINavigationController stack=1 top="我的"
    stack[0] (visible): MyNewViewController title="我的"
2026-03-11 14:07:29.790 xiguwen[8946:957973] VC Hierarchy:
root: NTESMainTabController tabs=5 selected=1
  tab[0]: UINavigationController stack=1 top="首页"
    stack[0] (visible): IndexSubViewController title="首页"
      child[0]: HunqinViewController
  tab[1] (selected): UINavigationController stack=1 top="发现"
    stack[0] (visible): FindNewSubViewController title="发现"
      child[0]: HunqinQuanViewController
  tab[2]: UINavigationController stack=1 top="消息"
    stack[0] (visible): MessageSubViewController title="消息"
  tab[3]: UINavigationController stack=1 top="购物车"
    stack[0] (visible): ShopNewCarSubViewController title="购物车"
  tab[4]: UINavigationController stack=1 top="我的"
    stack[0] (visible): MyNewViewController title="我的"
2026-03-11 14:07:30.659 xiguwen[8946:957973] 
[文件名:/Users/cjz/ios_project/xiguwen/xiguwen/SuperClass/FatherViewController.m]
[函数名:-[FatherViewController viewWillAppear:]]
[行号:59] 
ÓDongtaiDetilViewController
2026-03-11 14:07:30.987 xiguwen[8946:957973] 
[文件名:/Users/cjz/ios_project/xiguwen/xiguwen/Help/NetPost/RequestManager.m]
[函数名:-[RequestManager requestUrl:method:loding:dic:progress:success:failure:]]
[行号:180] 
https://www.xiguwen520.com/appapi/Found/dynamicdetails ********************* {
    id = 481;
    userid = 0;
} 
请求头数据:{
    "Accept-Language" = "zh-Hans-CN;q=1";
    "Content-Type" = "application/x-www-form-urlencoded";
    "User-Agent" = "xiguwen/3.2.0 (iPhone; iOS 26.3; Scale/2.00)";
}
2026-03-11 14:07:31.080 xiguwen[8946:957973] 
[文件名:/Users/cjz/ios_project/xiguwen/xiguwen/Help/NetPost/RequestManager.m]
[函数名:-[RequestManager PostUrl:dic:progress:success:failure:]_block_invoke]
[行号:430] 
成功-------{
    code = 00001;
    message = "\U6ca1\U6709\U767b\U5f55\U6216\U8005\U767b\U5f55\U5df2\U7ecf\U8fc7\U671f";
}   https://www.xiguwen520.com/appapi/Found/dynamicdetails
2026-03-11 14:07:31.081 xiguwen[8946:957973] 
[文件名:/Users/cjz/ios_project/xiguwen/xiguwen/Help/NetPost/RequestManager.m]
[函数名:-[RequestManager RACRequestUrl:method:loding:dic:]_block_invoke_3]
[行号:60] 
no error
2026-03-11 14:07:31.187 xiguwen[8946:957973] VC Hierarchy:
root: NTESMainTabController tabs=5 selected=1
  tab[0]: UINavigationController stack=1 top="首页"
    stack[0] (visible): IndexSubViewController title="首页"
      child[0]: HunqinViewController
  tab[1] (selected): UINavigationController stack=2 top="动态详情"
    stack[0]: FindNewSubViewController title="发现"
      child[0]: HunqinQuanViewController
    stack[1] (visible): DongtaiDetilViewController title="动态详情"
  tab[2]: UINavigationController stack=1 top="消息"
    stack[0] (visible): MessageSubViewController title="消息"
  tab[3]: UINavigationController stack=1 top="购物车"
    stack[0] (visible): ShopNewCarSubViewController title="购物车"
  tab[4]: UINavigationController stack=1 top="我的"
    stack[0] (visible): MyNewViewController title="我的"
2026-03-11 14:07:33.873 xiguwen[8946:957973] count = 9
2026-03-11 14:07:33.874 xiguwen[8946:957973] count = 9
2026-03-11 14:07:33.874 xiguwen[8946:957973] count = 1
2026-03-11 14:07:33.875 xiguwen[8946:957973] count = 0
2026-03-11 14:07:33.875 xiguwen[8946:957973] count = 0
2026-03-11 14:07:33.875 xiguwen[8946:957973] count = 0
2026-03-11 14:07:33.875 xiguwen[8946:957973] count = 8
2026-03-11 14:07:33.876 xiguwen[8946:957973] count = 3
2026-03-11 14:07:33.876 xiguwen[8946:957973] count = 1
2026-03-11 14:07:33.876 xiguwen[8946:957973] count = 4
2026-03-11 14:07:33.896 xiguwen[8946:957973] 
[文件名:/Users/cjz/ios_project/xiguwen/xiguwen/SuperClass/FatherViewController.m]
[函数名:-[FatherViewController viewWillAppear:]]
[行号:59] 
ÓHunqinQuanViewController
2026-03-11 14:07:33.916 xiguwen[8946:957973] count = 9
2026-03-11 14:07:33.918 xiguwen[8946:957973] count = 9
2026-03-11 14:07:34.414 xiguwen[8946:957973] VC Hierarchy:
root: NTESMainTabController tabs=5 selected=1
  tab[0]: UINavigationController stack=1 top="首页"
    stack[0] (visible): IndexSubViewController title="首页"
      child[0]: HunqinViewController
  tab[1] (selected): UINavigationController stack=1 top="发现"
    stack[0] (visible): FindNewSubViewController title="发现"
      child[0]: HunqinQuanViewController
  tab[2]: UINavigationController stack=1 top="消息"
    stack[0] (visible): MessageSubViewController title="消息"
  tab[3]: UINavigationController stack=1 top="购物车"
    stack[0] (visible): ShopNewCarSubViewController title="购物车"
  tab[4]: UINavigationController stack=1 top="我的"
    stack[0] (visible): MyNewViewController title="我的"
2026-03-11 14:07:34.419 xiguwen[8946:957973] 
[文件名:/Users/cjz/ios_project/xiguwen/xiguwen/SuperClass/FatherViewController.m]
[函数名:-[FatherViewController dealloc]]
[行号:587] 
页面销毁<DongtaiDetilViewController: 0x12789ad00>; superclass: FatherViewController; title: (null); view: <UIView: 0x127cbe840; frame = (0 0; 375 731); clipsToBounds = YES; autoresize = W+H; backgroundColor = UIExtendedSRGBColorSpace 0 0 0 0, RGBA(0, 0, 0, 0.00), #00000000; layer = <CALayer: 0x127d78f90>>
2026-03-11 14:07:34.824 xiguwen[8946:957973] 
[文件名:/Users/cjz/ios_project/xiguwen/xiguwen/SuperClass/FatherViewController.m]
[函数名:-[FatherViewController viewWillAppear:]]
[行号:59] 
ÓNewLoginViewController
2026-03-11 14:07:35.404 xiguwen[8946:957973] VC Hierarchy:
root: NTESMainTabController tabs=5 selected=1
  tab[0]: UINavigationController stack=1 top="首页"
    stack[0] (visible): IndexSubViewController title="首页"
      child[0]: HunqinViewController
  tab[1] (selected): UINavigationController stack=1 top="发现"
    stack[0] (top): FindNewSubViewController title="发现"
      child[0]: HunqinQuanViewController
        presented: UINavigationController stack=1
          stack[0] (visible): NewLoginViewController
      presented: UINavigationController stack=1
        stack[0] (visible): NewLoginViewController
    presented: UINavigationController stack=1
      stack[0] (visible): NewLoginViewController
  tab[2]: UINavigationController stack=1 top="消息"
    stack[0] (visible): MessageSubViewController title="消息"
  tab[3]: UINavigationController stack=1 top="购物车"
    stack[0] (visible): ShopNewCarSubViewController title="购物车"
  tab[4]: UINavigationController stack=1 top="我的"
    stack[0] (visible): MyNewViewController title="我的"
  presented: UINavigationController stack=1
    stack[0] (visible): NewLoginViewController
2026-03-11 14:07:38.415 xiguwen[8946:957973] 
[文件名:/Users/cjz/ios_project/xiguwen/xiguwen/SuperClass/FatherViewController.m]
[函数名:-[FatherViewController dealloc]]
[行号:587] 
页面销毁<NewLoginViewController: 0x12789ad00>; superclass: FatherViewController; title: (null); view: <UIView: 0x127e9ebc0; frame = (0 0; 375 764); autoresize = W+H; backgroundColor = UIExtendedSRGBColorSpace 1 1 1 1, RGBA(255, 255, 255, 1.00), #ffffffff; layer = <CALayer: 0x127e68420>>
2026-03-11 14:07:38.850 xiguwen[8946:957973] 
[文件名:/Users/cjz/ios_project/xiguwen/xiguwen/SuperClass/FatherViewController.m]
[函数名:-[FatherViewController viewWillAppear:]]
[行号:59] 
ÓNewLoginViewController
2026-03-11 14:07:39.378 xiguwen[8946:957973] VC Hierarchy:
root: NTESMainTabController tabs=5 selected=1
  tab[0]: UINavigationController stack=1 top="首页"
    stack[0] (visible): IndexSubViewController title="首页"
      child[0]: HunqinViewController
  tab[1] (selected): UINavigationController stack=1 top="发现"
    stack[0] (top): FindNewSubViewController title="发现"
      child[0]: HunqinQuanViewController
        presented: UINavigationController stack=1
          stack[0] (visible): NewLoginViewController
      presented: UINavigationController stack=1
        stack[0] (visible): NewLoginViewController
    presented: UINavigationController stack=1
      stack[0] (visible): NewLoginViewController
  tab[2]: UINavigationController stack=1 top="消息"
    stack[0] (visible): MessageSubViewController title="消息"
  tab[3]: UINavigationController stack=1 top="购物车"
    stack[0] (visible): ShopNewCarSubViewController title="购物车"
  tab[4]: UINavigationController stack=1 top="我的"
    stack[0] (visible): MyNewViewController title="我的"
  presented: UINavigationController stack=1
    stack[0] (visible): NewLoginViewController
2026-03-11 14:07:56.621 xiguwen[8946:957973] 
[文件名:/Users/cjz/ios_project/xiguwen/xiguwen/Help/NetPost/RequestManager.m]
[函数名:-[RequestManager requestUrl:method:loding:dic:progress:success:failure:]]
[行号:180] 
https://www.xiguwen520.com/appapi/Index/login ********************* {
    mobile = 15680992886;
    password = "qwer1234*";
    registrationid = "";
    thirdSystemId = "";
    type = 0;
} 
请求头数据:{
    "Accept-Language" = "zh-Hans-CN;q=1";
    "Content-Type" = "application/x-www-form-urlencoded";
    "User-Agent" = "xiguwen/3.2.0 (iPhone; iOS 26.3; Scale/2.00)";
}
2026-03-11 14:07:56.745 xiguwen[8946:957973] 
[文件名:/Users/cjz/ios_project/xiguwen/xiguwen/Help/NetPost/RequestManager.m]
[函数名:-[RequestManager PostUrl:dic:progress:success:failure:]_block_invoke]
[行号:430] 
成功-------{
    code = 109;
    message = "\U624b\U673a\U53f7\U7801\U6216\U767b\U5f55\U5bc6\U7801\U9519\U8bef\Uff01";
}   https://www.xiguwen520.com/appapi/Index/login
2026-03-11 14:08:30.102 xiguwen[8946:957973] 
[文件名:/Users/cjz/ios_project/xiguwen/xiguwen/Help/NetPost/RequestManager.m]
[函数名:-[RequestManager requestUrl:method:loding:dic:progress:success:failure:]]
[行号:180] 
https://www.xiguwen520.com/appapi/Index/login ********************* {
    mobile = 15680992886;
    password = "qwer1234*";
    registrationid = "";
    thirdSystemId = "";
    type = 0;
} 
请求头数据:{
    "Accept-Language" = "zh-Hans-CN;q=1";
    "Content-Type" = "application/x-www-form-urlencoded";
    "User-Agent" = "xiguwen/3.2.0 (iPhone; iOS 26.3; Scale/2.00)";
}
2026-03-11 14:08:30.233 xiguwen[8946:957973] 
[文件名:/Users/cjz/ios_project/xiguwen/xiguwen/Help/NetPost/RequestManager.m]
[函数名:-[RequestManager PostUrl:dic:progress:success:failure:]_block_invoke]
[行号:430] 
成功-------{
    code = 109;
    message = "\U624b\U673a\U53f7\U7801\U6216\U767b\U5f55\U5bc6\U7801\U9519\U8bef\Uff01";
}   https://www.xiguwen520.com/appapi/Index/login
2026-03-11 14:08:33.293 xiguwen[8946:957973] count = 1
2026-03-11 14:08:39.551 xiguwen[8946:957973] 
[文件名:/Users/cjz/ios_project/xiguwen/xiguwen/Help/NetPost/RequestManager.m]
[函数名:-[RequestManager requestUrl:method:loding:dic:progress:success:failure:]]
[行号:180] 
https://www.xiguwen520.com/appapi/Index/login ********************* {
    mobile = 15680992886;
    password = qwer1234;
    registrationid = "";
    thirdSystemId = "";
    type = 0;
} 
请求头数据:{
    "Accept-Language" = "zh-Hans-CN;q=1";
    "Content-Type" = "application/x-www-form-urlencoded";
    "User-Agent" = "xiguwen/3.2.0 (iPhone; iOS 26.3; Scale/2.00)";
}
2026-03-11 14:08:40.290 xiguwen[8946:957973] 
[文件名:/Users/cjz/ios_project/xiguwen/xiguwen/Help/NetPost/RequestManager.m]
[函数名:-[RequestManager PostUrl:dic:progress:success:failure:]_block_invoke]
[行号:430] 
成功-------{
    code = 0;
    data =     {
        follownumber = 3;
        token =         {
            "im_token" = "";
            "login_time" = 1773209319;
            token = d872136144032e71254aca203e0ddfb8c8081925;
            type = 0;
            userid = 4584;
        };
        user =         {
            age = 0;
            archives = "<null>";
            association = "";
            authentication = 0;
            background = "http://www.xiguwen520.comhttps://imgcache.xiguwen520.com/2024/0330/a5b4227871240e150153d2b4a492fb88.png";
            birthday = 650041200;
            canceltime = "<null>";
            cityid = 273;
            college = 0;
            company = 0;
            content = KKK;
            countyid = 2639;
            createtime = 1672904996;
            email = "";
            evaluate = 0;
            fans = 0;
            goodscore = 100;
            groupid = 0;
            head = "http://www.xiguwen520.comhttp://www.xiguwen520.com/uploads/20240403/17121296296107.jpg";
            height = 0;
            id = 4128;
            identification = "";
            identitynum = "<null>";
            "im_token" = "";
            inviter = "<null>";
            isshopvip = 0;
            isshopviptoken = "";
            isuserivip = 0;
            isuseriviptoken = 0;
            jifen = 1;
            logintime = 1773125812;
            mobile = 15680992886;
            money = "0.00";
            name = "<null>";
            nickname = 15680992886;
            num = 0;
            occupationid = 26;
            onlinestatus = 1;
            payvouchers = "0.00";
            pid = 0;
            platform = 0;
            price = "0.00";
            provinceid = 24;
            pv = 716;
            pvouchers = "0.00";
            "qq_openid" = "";
            qualifications = "";
            recommend = "";
            register = "<null>";
            registrationid = "";
            score = 100;
            sex = 0;
            shopimg = "a:4:{i:0;s:78:\"https://imgcache.xiguwen520.com/2024/0330/df76c20b474098be1d68bb4c29607220.png\";i:1;s:25:\"http://www.xiguwen520.com\";i:2;s:25:\"http://www.xiguwen520.com\";i:3;s:25:\"http://www.xiguwen520.com\";}";
            shopivipendt = 0;
            shopivipstat = 0;
            sign = 2;
            sincerity = 0;
            site = "\U73af\U7403\U4e2d\U5fc3";
            sort = 0;
            sslmid = "";
            sslmpid = "";
            state = 1;
            status = "<null>";
            team = 1;
            team2 = 0;
            userid = 4584;
            userivipendt = "<null>";
            userivipstat = "<null>";
            username = 15680992886;
            usertype = 2;
            vouchers = "0.00";
            "wachat_openid" = "oKMvx5oZs5VKjBe1Xw_Qhn4YC3W0";
            "weibo_openid" = "";
            weight = 0;
            weixin = "<null>";
            xinyu = "<null>";
        };
    };
    message = "\U767b\U5f55\U6210\U529f\Uff01";
}   https://www.xiguwen520.com/appapi/Index/login
2026-03-11 14:08:40.304 xiguwen[8946:957973] 
[文件名:/Users/cjz/ios_project/xiguwen/xiguwen/Common/CwChatManager.m]
[函数名:-[CwChatManager FirstLoginWithInfo:]_block_invoke]
[行号:93] 
----------云信登录失败！！Error Domain=NIMLocalErrorDomain Code=1 "错误的参数" UserInfo={NSLocalizedDescription=错误的参数, enum=NIMLocalErrorCodeInvalidParam}
2026-03-11 14:08:42.033 xiguwen[8946:957973] 
[文件名:/Users/cjz/ios_project/xiguwen/xiguwen/SuperClass/FatherViewController.m]
[函数名:-[FatherViewController dealloc]]
[行号:587] 
页面销毁<NewLoginViewController: 0x12789b200>; superclass: FatherViewController; title: (null); view: <UIView: 0x127e9cfc0; frame = (0 0; 375 764); autoresize = W+H; backgroundColor = UIExtendedSRGBColorSpace 1 1 1 1, RGBA(255, 255, 255, 1.00), #ffffffff; layer = <CALayer: 0x127e6aa00>>
2026-03-11 14:08:42.787 xiguwen[8946:957973] Keyboard cannot present view controllers (attempted to present <UIKeyboardHiddenViewController_Save: 0x10f879c00>; superclass: UIKeyboardHiddenViewController; title: (null); view: (null))
2026-03-11 14:08:47.719 xiguwen[8946:957973] 
[文件名:/Users/cjz/ios_project/xiguwen/xiguwen/NewSection/NewFind/Â©öÂ∫ÜÂúà/view/CXHunqinquanCell/CXHunqingquanTableViewCell.m]
[函数名:-[CXHunqingquanTableViewCell selectHeader:]]
[行号:250] 
点击
2026-03-11 14:08:47.779 xiguwen[8946:957973] 
[文件名:/Users/cjz/ios_project/xiguwen/xiguwen/Help/NetPost/RequestManager.m]
[函数名:-[RequestManager requestUrl:method:loding:dic:progress:success:failure:]]
[行号:180] 
https://www.xiguwen520.com/appapi/share/fenxiangshop ********************* {
    id = 4874;
} 
请求头数据:{
    "Accept-Language" = "zh-Hans-CN;q=1";
    Authorization = "Token {\n    \"im_token\" = \"\";\n    \"login_time\" = 1773209319;\n    token = d872136144032e71254aca203e0ddfb8c8081925;\n    type = 0;\n    userid = 4584;\n}";
    "Content-Type" = "application/x-www-form-urlencoded";
    "User-Agent" = "xiguwen/3.2.0 (iPhone; iOS 26.3; Scale/2.00)";
}
2026-03-11 14:08:47.806 xiguwen[8946:957973] 
[文件名:/Users/cjz/ios_project/xiguwen/xiguwen/SuperClass/FatherViewController.m]
[函数名:-[FatherViewController viewWillAppear:]]
[行号:59] 
ÓNewShangjiaViewController
2026-03-11 14:08:47.836 xiguwen[8946:957973] Could not load the "平台认证" image referenced from a nib in the bundle with identifier "com.boyi028.app"
2026-03-11 14:08:47.944 xiguwen[8946:957973] 
[文件名:/Users/cjz/ios_project/xiguwen/xiguwen/Help/NetPost/RequestManager.m]
[函数名:-[RequestManager PostUrl:dic:progress:success:failure:]_block_invoke]
[行号:430] 
成功-------{
    code = 0;
    data =     {
        descr = "\U559c\U987e\U95ee\Uff0c\U5a5a\U5ac1\U670d\U52a1\U4e00\U7ad9\U5f0f\U7535\U5546\U5e73\U53f0\Uff01\U6700\U597d\U7684\U5a5a\U793c\U4eba\U90fd\U5728\U559c\U987e\U95ee\Uff01";
        image = "http://www.xiguwen520.com/uploads/20240921/17269303625705.jpg";
        title = "\U301017620061478\U3011\U7684\U540d\U7247";
        url = "http://www.xiguwen520.com/wap/wedding/business/id/4874.html";
    };
    message = ok;
}   https://www.xiguwen520.com/appapi/share/fenxiangshop
2026-03-11 14:08:48.202 xiguwen[8946:957973] 
[文件名:/Users/cjz/ios_project/xiguwen/xiguwen/Help/NetPost/RequestManager.m]
[函数名:-[RequestManager requestUrl:method:loding:dic:progress:success:failure:]]
[行号:180] 
https://www.xiguwen520.com/appapi/User/index ********************* {
    id = 4874;
    token = d872136144032e71254aca203e0ddfb8c8081925;
    userid = 4584;
} 
请求头数据:{
    "Accept-Language" = "zh-Hans-CN;q=1";
    Authorization = "Token {\n    \"im_token\" = \"\";\n    \"login_time\" = 1773209319;\n    token = d872136144032e71254aca203e0ddfb8c8081925;\n    type = 0;\n    userid = 4584;\n}";
    "Content-Type" = "application/x-www-form-urlencoded";
    "User-Agent" = "xiguwen/3.2.0 (iPhone; iOS 26.3; Scale/2.00)";
}
2026-03-11 14:08:48.204 xiguwen[8946:957973] 
[文件名:/Users/cjz/ios_project/xiguwen/xiguwen/Help/NetPost/RequestManager.m]
[函数名:-[RequestManager requestUrl:method:loding:dic:progress:success:failure:]]
[行号:180] 
https://www.xiguwen520.com/appapi/User/businesscomment ********************* {
    id = 4874;
    p = 1;
} 
请求头数据:{
    "Accept-Language" = "zh-Hans-CN;q=1";
    Authorization = "Token {\n    \"im_token\" = \"\";\n    \"login_time\" = 1773209319;\n    token = d872136144032e71254aca203e0ddfb8c8081925;\n    type = 0;\n    userid = 4584;\n}";
    "Content-Type" = "application/x-www-form-urlencoded";
    "User-Agent" = "xiguwen/3.2.0 (iPhone; iOS 26.3; Scale/2.00)";
}
2026-03-11 14:08:48.309 xiguwen[8946:957973] 
[文件名:/Users/cjz/ios_project/xiguwen/xiguwen/Help/NetPost/RequestManager.m]
[函数名:-[RequestManager PostUrl:dic:progress:success:failure:]_block_invoke]
[行号:430] 
成功-------{
    code = 0;
    data =     (
    );
    message = ok;
    num = 0;
}   https://www.xiguwen520.com/appapi/User/businesscomment
2026-03-11 14:08:48.367 xiguwen[8946:957973] 
[文件名:/Users/cjz/ios_project/xiguwen/xiguwen/Help/NetPost/RequestManager.m]
[函数名:-[RequestManager PostUrl:dic:progress:success:failure:]_block_invoke]
[行号:430] 
成功-------{
    code = 0;
    data =     {
        baojia =         {
            baojia =             (
            );
            zongshu = 0;
        };
        pinglun =         (
        );
        tuijiantd =         (
        );
        user =         {
            age = 0;
            authentication = 0;
            birthday = 590774400;
            canceltime = "<null>";
            cityid = 237;
            countyid = 2352;
            createtime = 1726930309;
            email = "";
            evaluate = 0;
            fans = 1;
            goodscore = 100;
            head = "http://www.xiguwen520.com/uploads/20240921/17269303625705.jpg";
            height = 0;
            identification = "";
            "im_token" = "";
            inviter = "<null>";
            isuserivip = 0;
            isuseriviptoken = 0;
            jifen = 1;
            logintime = 1726930321;
            mobile = 17620061478;
            money = "0.00";
            nickname = 17620061478;
            num = 0;
            occupationid = 99;
            onlinestatus = 1;
            payvouchers = "0.00";
            payword = "<null>";
            pid = 0;
            price = "0.00";
            provinceid = 20;
            pv = 12;
            pvouchers = "0.00";
            "qq_openid" = "";
            register = "<null>";
            registrationid = "";
            score = 100;
            sex = 0;
            sign = 2;
            site = "&lt;null&gt;";
            sort = 0;
            sslmid = "";
            sslmpid = "";
            state = 1;
            status = "<null>";
            userid = 4874;
            userivipendt = "<null>";
            userivipstat = "<null>";
            username = 17620061478;
            usertype = 2;
            vouchers = "0.00";
            "wachat_openid" = "";
            "weibo_openid" = "";
            weight = 0;
            weixin = "<null>";
            xinyu =             {
                a = 0;
                b = 0;
            };
        };
        userf = 1;
        userinfo =         {
            archives = "<null>";
            association = "";
            background = "https://imgcdn1.xiguwen520.com/default_shop_backgroup.jpg";
            college = 0;
            company = 0;
            content = "<null>";
            dizhi = "\U5e7f\U4e1c\U7701-\U4f5b\U5c71\U5e02-\U5357\U6d77\U533a-&lt;null&gt;";
            groupid = 0;
            id = 4418;
            isshopvip = 0;
            isshopviptoken = "";
            platform = 0;
            qualifications = "";
            recommend = "";
            shiming = 0;
            shopimg = "";
            shopivipendt = 0;
            shopivipstat = 0;
            sincerity = 0;
            site = "\U5e7f\U4e1c\U7701-\U4f5b\U5c71\U5e02-\U5357\U6d77\U533a-&lt;null&gt;";
            team = 1;
            team2 = 0;
            userid = 4874;
            xinyu = "<null>";
            xueyuan = 0;
            xueyuanname = "";
        };
        zuoping =         {
            zongshu = 0;
            zuopin =             (
            );
        };
    };
    message = ok;
}   https://www.xiguwen520.com/appapi/User/index
2026-03-11 14:08:48.367 xiguwen[8946:957973] 
[文件名:/Users/cjz/ios_project/xiguwen/xiguwen/Help/NetPost/RequestManager.m]
[函数名:-[RequestManager RACRequestUrl:method:loding:dic:]_block_invoke_3]
[行号:60] 
no error
2026-03-11 14:08:48.419 xiguwen[8946:957973] VC Hierarchy:
root: NTESMainTabController tabs=5 selected=1
  tab[0]: UINavigationController stack=1 top="首页"
    stack[0] (visible): IndexSubViewController title="首页"
      child[0]: HunqinViewController
  tab[1] (selected): UINavigationController stack=2 top="商家详情"
    stack[0]: FindNewSubViewController title="发现"
      child[0]: HunqinQuanViewController
    stack[1] (visible): NewShangjiaViewController title="商家详情"
  tab[2]: UINavigationController stack=1 top="消息"
    stack[0] (visible): MessageSubViewController title="消息"
  tab[3]: UINavigationController stack=1 top="购物车"
    stack[0] (visible): ShopNewCarSubViewController title="购物车"
  tab[4]: UINavigationController stack=1 top="我的"
    stack[0] (visible): MyNewViewController title="我的"
2026-03-11 14:08:49.186 xiguwen[8946:957973] 
[文件名:/Users/cjz/ios_project/xiguwen/xiguwen/SuperClass/FatherViewController.m]
[函数名:-[FatherViewController viewWillAppear:]]
[行号:59] 
ÓHunqinQuanViewController
2026-03-11 14:08:49.718 xiguwen[8946:957973] VC Hierarchy:
root: NTESMainTabController tabs=5 selected=1
  tab[0]: UINavigationController stack=1 top="首页"
    stack[0] (visible): IndexSubViewController title="首页"
      child[0]: HunqinViewController
  tab[1] (selected): UINavigationController stack=1 top="发现"
    stack[0] (visible): FindNewSubViewController title="发现"
      child[0]: HunqinQuanViewController
  tab[2]: UINavigationController stack=1 top="消息"
    stack[0] (visible): MessageSubViewController title="消息"
  tab[3]: UINavigationController stack=1 top="购物车"
    stack[0] (visible): ShopNewCarSubViewController title="购物车"
  tab[4]: UINavigationController stack=1 top="我的"
    stack[0] (visible): MyNewViewController title="我的"
2026-03-11 14:08:49.882 xiguwen[8946:957973] 
[文件名:/Users/cjz/ios_project/xiguwen/xiguwen/SuperClass/FatherViewController.m]
[函数名:-[FatherViewController viewWillAppear:]]
[行号:59] 
ÓDongtaiDetilViewController
2026-03-11 14:08:50.187 xiguwen[8946:957973] 
[文件名:/Users/cjz/ios_project/xiguwen/xiguwen/Help/NetPost/RequestManager.m]
[函数名:-[RequestManager requestUrl:method:loding:dic:progress:success:failure:]]
[行号:180] 
https://www.xiguwen520.com/appapi/Found/dynamicdetails ********************* {
    id = 481;
    token = d872136144032e71254aca203e0ddfb8c8081925;
    userid = 4584;
} 
请求头数据:{
    "Accept-Language" = "zh-Hans-CN;q=1";
    Authorization = "Token {\n    \"im_token\" = \"\";\n    \"login_time\" = 1773209319;\n    token = d872136144032e71254aca203e0ddfb8c8081925;\n    type = 0;\n    userid = 4584;\n}";
    "Content-Type" = "application/x-www-form-urlencoded";
    "User-Agent" = "xiguwen/3.2.0 (iPhone; iOS 26.3; Scale/2.00)";
}
2026-03-11 14:08:50.304 xiguwen[8946:957973] 
[文件名:/Users/cjz/ios_project/xiguwen/xiguwen/Help/NetPost/RequestManager.m]
[函数名:-[RequestManager PostUrl:dic:progress:success:failure:]_block_invoke]
[行号:430] 
成功-------{
    code = 0;
    data =     {
        commentlist =         (
        );
        commentnum = 0;
        content = "\U4f20\U7edf\U6c11\U95f4\U5de5\U827a \U94dc\U7248\U5a5a\U4e66\U5b9a\U5236 ";
        "create_ti" = "2024-09-21 22:59:15";
        follow = 1;
        head = "http://www.xiguwen520.com/uploads/20240921/17269303625705.jpg";
        id = 481;
        myzan = 1;
        nickname = 17620061478;
        occupation = "<null>";
        occupationid = 99;
        photourl =         (
                        {
                id = 734;
                mydynamicid = 481;
                photourl = "http://www.xiguwen520.com/uploads/20240921/17269307556629.png";
            },
                        {
                id = 735;
                mydynamicid = 481;
                photourl = "http://www.xiguwen520.com/uploads/20240921/17269307559739.png";
            },
                        {
                id = 736;
                mydynamicid = 481;
                photourl = "http://www.xiguwen520.com/uploads/20240921/17269307558407.png";
            },
                        {
                id = 737;
                mydynamicid = 481;
                photourl = "http://www.xiguwen520.com/uploads/20240921/17269307555496.png";
            },
                        {
                id = 738;
                mydynamicid = 481;
                photourl = "http://www.xiguwen520.com/uploads/20240921/17269307551297.png";
            },
                        {
                id = 739;
                mydynamicid = 481;
                photourl = "http://www.xiguwen520.com/uploads/20240921/17269307557034.png";
            },
                        {
                id = 740;
                mydynamicid = 481;
                photourl = "http://www.xiguwen520.com/uploads/20240921/17269307559062.png";
            },
                        {
                id = 741;
                mydynamicid = 481;
                photourl = "http://www.xiguwen520.com/uploads/20240921/17269307553148.png";
            },
                        {
                id = 742;
                mydynamicid = 481;
                photourl = "http://www.xiguwen520.com/uploads/20240921/17269307556385.png";
            }
        );
        pv = 34;
        theteam = "";
        userid = 4874;
        zan = 2;
        zanlist =         (
                        {
                head = "https://thirdwx.qlogo.cn/mmopen/vi_32/56AujTvDThZxuug4gZHKj3ibjAaMhphTebsxx0FYBcAXibBukztsibETPhib3XwlNeydGLoFcWU6nEo3sGa260lUxydgumzUTpL4Z4QOV731OEM/132";
                nickname = ".";
            },
                        {
                head = "http://www.xiguwen520.com/home/default/imghead.png";
                nickname = 18032746917;
            },
                        {
                head = "http://www.xiguwen520.com/home/default/imghead.png";
                nickname = 15328044211;
            },
                        {
                head = "http://www.xiguwen520.com/uploads/20240921/17269303625705.jpg";
                nickname = 17620061478;
            },
                        {
                head = "http://www.xiguwen520.com/uploads/20240403/17121296296107.jpg";
                nickname = 15680992886;
            }
        );
    };
    message = ok;
}   https://www.xiguwen520.com/appapi/Found/dynamicdetails
2026-03-11 14:08:50.304 xiguwen[8946:957973] 
[文件名:/Users/cjz/ios_project/xiguwen/xiguwen/Help/NetPost/RequestManager.m]
[函数名:-[RequestManager RACRequestUrl:method:loding:dic:]_block_invoke_3]
[行号:60] 
no error
2026-03-11 14:08:50.400 xiguwen[8946:957973] VC Hierarchy:
root: NTESMainTabController tabs=5 selected=1
  tab[0]: UINavigationController stack=1 top="首页"
    stack[0] (visible): IndexSubViewController title="首页"
      child[0]: HunqinViewController
  tab[1] (selected): UINavigationController stack=2 top="动态详情"
    stack[0]: FindNewSubViewController title="发现"
      child[0]: HunqinQuanViewController
    stack[1] (visible): DongtaiDetilViewController title="动态详情"
  tab[2]: UINavigationController stack=1 top="消息"
    stack[0] (visible): MessageSubViewController title="消息"
  tab[3]: UINavigationController stack=1 top="购物车"
    stack[0] (visible): ShopNewCarSubViewController title="购物车"
  tab[4]: UINavigationController stack=1 top="我的"
    stack[0] (visible): MyNewViewController title="我的"
2026-03-11 14:09:23.656 xiguwen[8946:957973] You should call login api before calling any im related api
2026-03-11 14:09:23.672 xiguwen[8946:957973] You should call login api before calling any im related api
2026-03-11 14:09:23.673 xiguwen[8946:957973] You should call login api before calling any im related api
2026-03-11 14:14:38.103 xiguwen[8946:981686]  | JIGUANG | E - [JIGUANGUdpSocket] udp read error occured: errocode 57
2026-03-11 14:14:38.105 xiguwen[8946:981684]  | JIGUANG | W - [JIGUANGSessionController] 连接被关闭
2026-03-11 14:14:38.105 xiguwen[8946:981684]  | JIGUANG | W - [JIGUANGSessionController] connect close by remote
2026-03-11 14:14:38.117 xiguwen[8946:957973] You should call login api before calling any im related api
2026-03-11 14:14:40.482 xiguwen[8946:981242]  | JIGUANG | I - [JIGUANGSessionController] connecting with coreAddr 124.70.6.168,port 7001
2026-03-11 14:14:40.615 xiguwen[8946:981242]  | JIGUANG | I - [JIGUANGLogin] 
----- login result -----
uid:85412765510 
registrationID:171976fa8bac580f35d 
idc:1
2026-03-11 14:14:41.705 xiguwen[8946:957973] You should call login api before calling any im related api
2026-03-11 14:14:41.715 xiguwen[8946:957973] You should call login api before calling any im related api
2026-03-11 14:14:41.715 xiguwen[8946:957973] You should call login api before calling any im related api
2026-03-11 14:15:07.665 xiguwen[8946:957973] 
[文件名:/Users/cjz/ios_project/xiguwen/xiguwen/Common/CwChatManager.m]
[函数名:-[CwChatManager onLogin:]]
[行号:272] 
登录中.....10    
2026-03-11 14:15:07.666 xiguwen[8946:958010] accid len: 0
2026-03-11 14:15:07.964 xiguwen[8946:958010] You should call login api before calling any im related api
2026-03-11 14:15:07.966 xiguwen[8946:984016]  | JIGUANG | I - [JIGUANGSessionController] connecting with coreAddr 139.159.146.137,port 7004
2026-03-11 14:15:08.128 xiguwen[8946:981686]  | JIGUANG | I - [JIGUANGLogin] 
----- login result -----
uid:85412765510 
registrationID:171976fa8bac580f35d 
idc:1
2026-03-11 14:37:47.215 xiguwen[8946:984016]  | JIGUANG | E - [JIGUANGUdpSocket] udp read error occured: errocode 57
2026-03-11 14:37:47.230 xiguwen[8946:957973] You should call login api before calling any im related api
2026-03-11 14:37:47.266 xiguwen[8946:957973] 
[文件名:/Users/cjz/ios_project/xiguwen/xiguwen/Common/CwChatManager.m]
[函数名:-[CwChatManager onLogin:]]
[行号:272] 
登录中.....10    
2026-03-11 14:37:47.269 xiguwen[8946:958010] accid len: 0
2026-03-11 14:37:48.114 xiguwen[8946:991722]  | JIGUANG | I - [JIGUANGSessionController] connecting with coreAddr 1.94.96.137,port 7005
2026-03-11 14:37:48.303 xiguwen[8946:984393]  | JIGUANG | I - [JIGUANGLogin] 
----- login result -----
uid:85412765510 
registrationID:171976fa8bac580f35d 
idc:1
2026-03-11 14:37:48.329 xiguwen[8946:958010] You should call login api before calling any im related api
2026-03-11 14:38:00.285 xiguwen[8946:957973] 
[文件名:/Users/cjz/ios_project/xiguwen/xiguwen/Help/NetPost/RequestManager.m]
[函数名:-[RequestManager requestUrl:method:loding:dic:progress:success:failure:]]
[行号:180] 
https://www.xiguwen520.com/appapi/Found/addcomment ********************* {
    comm = "\U597d";
    id = 481;
    token = d872136144032e71254aca203e0ddfb8c8081925;
    userid = 4584;
} 
请求头数据:{
    "Accept-Language" = "zh-Hans-CN;q=1";
    Authorization = "Token {\n    \"im_token\" = \"\";\n    \"login_time\" = 1773209319;\n    token = d872136144032e71254aca203e0ddfb8c8081925;\n    type = 0;\n    userid = 4584;\n}";
    "Content-Type" = "application/x-www-form-urlencoded";
    "User-Agent" = "xiguwen/3.2.0 (iPhone; iOS 26.3; Scale/2.00)";
}
2026-03-11 14:38:01.463 xiguwen[8946:957973] 
[文件名:/Users/cjz/ios_project/xiguwen/xiguwen/Help/NetPost/RequestManager.m]
[函数名:-[RequestManager requestUrl:method:loding:dic:progress:success:failure:]]
[行号:180] 
https://www.xiguwen520.com/appapi/Found/addcomment ********************* {
    comm = "\U597d";
    id = 481;
    token = d872136144032e71254aca203e0ddfb8c8081925;
    userid = 4584;
} 
请求头数据:{
    "Accept-Language" = "zh-Hans-CN;q=1";
    Authorization = "Token {\n    \"im_token\" = \"\";\n    \"login_time\" = 1773209319;\n    token = d872136144032e71254aca203e0ddfb8c8081925;\n    type = 0;\n    userid = 4584;\n}";
    "Content-Type" = "application/x-www-form-urlencoded";
    "User-Agent" = "xiguwen/3.2.0 (iPhone; iOS 26.3; Scale/2.00)";
}
2026-03-11 14:38:01.682 xiguwen[8946:957973] 
[文件名:/Users/cjz/ios_project/xiguwen/xiguwen/Help/NetPost/RequestManager.m]
[函数名:-[RequestManager PostUrl:dic:progress:success:failure:]_block_invoke]
[行号:430] 
成功-------{
    code = 0;
    data =     {
        comm = "\U597d";
        "create_ti" = "2026-03-11\U300014:38:01";
        head = "http://www.xiguwen520.com/uploads/20240403/17121296296107.jpg";
        id = 285;
        nickname = 15680992886;
        pid = 0;
    };
    message = "\U8bc4\U8bba\U6210\U529f\Uff01";
}   https://www.xiguwen520.com/appapi/Found/addcomment
2026-03-11 14:38:01.687 xiguwen[8946:957973] 
[文件名:/Users/cjz/ios_project/xiguwen/xiguwen/Help/NetPost/RequestManager.m]
[函数名:-[RequestManager PostUrl:dic:progress:success:failure:]_block_invoke]
[行号:430] 
成功-------{
    code = 0;
    data =     {
        comm = "\U597d";
        "create_ti" = "2026-03-11\U300014:38:01";
        head = "http://www.xiguwen520.com/uploads/20240403/17121296296107.jpg";
        id = 284;
        nickname = 15680992886;
        pid = 0;
    };
    message = "\U8bc4\U8bba\U6210\U529f\Uff01";
}   https://www.xiguwen520.com/appapi/Found/addcomment
2026-03-11 14:38:01.962 xiguwen[8946:957973] 
[文件名:/Users/cjz/ios_project/xiguwen/xiguwen/Help/NetPost/RequestManager.m]
[函数名:-[RequestManager requestUrl:method:loding:dic:progress:success:failure:]]
[行号:180] 
https://www.xiguwen520.com/appapi/Found/dynamicdetails ********************* {
    id = 481;
    token = d872136144032e71254aca203e0ddfb8c8081925;
    userid = 4584;
} 
请求头数据:{
    "Accept-Language" = "zh-Hans-CN;q=1";
    Authorization = "Token {\n    \"im_token\" = \"\";\n    \"login_time\" = 1773209319;\n    token = d872136144032e71254aca203e0ddfb8c8081925;\n    type = 0;\n    userid = 4584;\n}";
    "Content-Type" = "application/x-www-form-urlencoded";
    "User-Agent" = "xiguwen/3.2.0 (iPhone; iOS 26.3; Scale/2.00)";
}
2026-03-11 14:38:02.214 xiguwen[8946:957973] 
[文件名:/Users/cjz/ios_project/xiguwen/xiguwen/Help/NetPost/RequestManager.m]
[函数名:-[RequestManager PostUrl:dic:progress:success:failure:]_block_invoke]
[行号:430] 
成功-------{
    code = 0;
    data =     {
        commentlist =         (
                        {
                comm = "\U597d";
                "create_ti" = "2026-03-11 14:38:01";
                head = "http://www.xiguwen520.com/uploads/20240403/17121296296107.jpg";
                id = 284;
                nickname = 15680992886;
                pid = 0;
                userid = 4584;
                xiaji =                 (
                );
            },
                        {
                comm = "\U597d";
                "create_ti" = "2026-03-11 14:38:01";
                head = "http://www.xiguwen520.com/uploads/20240403/17121296296107.jpg";
                id = 285;
                nickname = 15680992886;
                pid = 0;
                userid = 4584;
                xiaji =                 (
                );
            }
        );
        commentnum = 2;
        content = "\U4f20\U7edf\U6c11\U95f4\U5de5\U827a \U94dc\U7248\U5a5a\U4e66\U5b9a\U5236 ";
        "create_ti" = "2024-09-21 22:59:15";
        follow = 1;
        head = "http://www.xiguwen520.com/uploads/20240921/17269303625705.jpg";
        id = 481;
        myzan = 1;
        nickname = 17620061478;
        occupation = "<null>";
        occupationid = 99;
        photourl =         (
                        {
                id = 734;
                mydynamicid = 481;
                photourl = "http://www.xiguwen520.com/uploads/20240921/17269307556629.png";
            },
                        {
                id = 735;
                mydynamicid = 481;
                photourl = "http://www.xiguwen520.com/uploads/20240921/17269307559739.png";
            },
                        {
                id = 736;
                mydynamicid = 481;
                photourl = "http://www.xiguwen520.com/uploads/20240921/17269307558407.png";
            },
                        {
                id = 737;
                mydynamicid = 481;
                photourl = "http://www.xiguwen520.com/uploads/20240921/17269307555496.png";
            },
                        {
                id = 738;
                mydynamicid = 481;
                photourl = "http://www.xiguwen520.com/uploads/20240921/17269307551297.png";
            },
                        {
                id = 739;
                mydynamicid = 481;
                photourl = "http://www.xiguwen520.com/uploads/20240921/17269307557034.png";
            },
                        {
                id = 740;
                mydynamicid = 481;
                photourl = "http://www.xiguwen520.com/uploads/20240921/17269307559062.png";
            },
                        {
                id = 741;
                mydynamicid = 481;
                photourl = "http://www.xiguwen520.com/uploads/20240921/17269307553148.png";
            },
                        {
                id = 742;
                mydynamicid = 481;
                photourl = "http://www.xiguwen520.com/uploads/20240921/17269307556385.png";
            }
        );
        pv = 35;
        theteam = "";
        userid = 4874;
        zan = 2;
        zanlist =         (
                        {
                head = "https://thirdwx.qlogo.cn/mmopen/vi_32/56AujTvDThZxuug4gZHKj3ibjAaMhphTebsxx0FYBcAXibBukztsibETPhib3XwlNeydGLoFcWU6nEo3sGa260lUxydgumzUTpL4Z4QOV731OEM/132";
                nickname = ".";
            },
                        {
                head = "http://www.xiguwen520.com/home/default/imghead.png";
                nickname = 18032746917;
            },
                        {
                head = "http://www.xiguwen520.com/home/default/imghead.png";
                nickname = 15328044211;
            },
                        {
                head = "http://www.xiguwen520.com/uploads/20240921/17269303625705.jpg";
                nickname = 17620061478;
            },
                        {
                head = "http://www.xiguwen520.com/uploads/20240403/17121296296107.jpg";
                nickname = 15680992886;
            }
        );
    };
    message = ok;
}   https://www.xiguwen520.com/appapi/Found/dynamicdetails
2026-03-11 14:38:02.215 xiguwen[8946:957973] 
[文件名:/Users/cjz/ios_project/xiguwen/xiguwen/Help/NetPost/RequestManager.m]
[函数名:-[RequestManager RACRequestUrl:method:loding:dic:]_block_invoke_3]
[行号:60] 
no error
2026-03-11 14:41:43.824 xiguwen[8946:957973] You should call login api before calling any im related api
2026-03-11 14:41:43.839 xiguwen[8946:957973] You should call login api before calling any im related api
2026-03-11 14:41:43.839 xiguwen[8946:957973] You should call login api before calling any im related api
2026-03-11 14:50:41.641 xiguwen[8946:957973] You should call login api before calling any im related api
2026-03-11 14:50:41.695 xiguwen[8946:992500]  | JIGUANG | E - [JIGUANGUdpSocket] udp read error occured: errocode 57
2026-03-11 14:50:41.855 xiguwen[8946:996177]  | JIGUANG | W - [JIGUANGSessionController] 连接被关闭
2026-03-11 14:50:41.855 xiguwen[8946:996177]  | JIGUANG | W - [JIGUANGSessionController] connect close by remote
2026-03-11 14:50:44.762 xiguwen[8946:993229]  | JIGUANG | I - [JIGUANGSessionController] connecting with coreAddr 60.204.251.134,port 7004
2026-03-11 14:50:44.955 xiguwen[8946:996168]  | JIGUANG | I - [JIGUANGLogin] 
----- login result -----
uid:85412765510 
registrationID:171976fa8bac580f35d 
idc:1
2026-03-11 14:51:57.342 xiguwen[8946:957973] You should call login api before calling any im related api
2026-03-11 14:51:57.351 xiguwen[8946:957973] You should call login api before calling any im related api
2026-03-11 14:51:57.351 xiguwen[8946:957973] You should call login api before calling any im related api
